
> @foliyo/dashboard@0.4.0 build /Volumes/SSD/coding/foliyo-stack/foliyo/apps/dashboard
> vite build

vite v8.1.4 building ssr environment for production...
[2Ktransforming...✓ 186 modules transformed.
rendering chunks...
vite v8.1.4 building client environment for production...
[2Ktransforming...✓ 212 modules transformed.
rendering chunks...
computing gzip size...
.svelte-kit/output/client/_app/version.json                               0.02 kB │ gzip:  0.04 kB
.svelte-kit/output/client/.vite/manifest.json                            10.63 kB │ gzip:  1.25 kB
.svelte-kit/output/client/_app/immutable/assets/Card.C5mNUwNq.css         0.16 kB │ gzip:  0.14 kB
.svelte-kit/output/client/_app/immutable/assets/PageHeader.XbxzxQiJ.css   0.23 kB │ gzip:  0.16 kB
.svelte-kit/output/client/_app/immutable/assets/3.BatBQemU.css            0.26 kB │ gzip:  0.18 kB
.svelte-kit/output/client/_app/immutable/assets/Button.B-xbaXev.css       0.62 kB │ gzip:  0.27 kB
.svelte-kit/output/client/_app/immutable/assets/16.DiFJY417.css           0.79 kB │ gzip:  0.38 kB
.svelte-kit/output/client/_app/immutable/assets/2.CeIkLOOQ.css            1.18 kB │ gzip:  0.45 kB
.svelte-kit/output/client/_app/immutable/assets/0.CwOnBWFd.css            1.30 kB │ gzip:  0.62 kB
.svelte-kit/output/client/_app/immutable/assets/8.VLPxk8rN.css            1.48 kB │ gzip:  0.52 kB
.svelte-kit/output/client/_app/immutable/chunks/DdytFIku.js               0.02 kB │ gzip:  0.04 kB
.svelte-kit/output/client/_app/immutable/chunks/BsCjbIdq.js               0.03 kB │ gzip:  0.05 kB
.svelte-kit/output/client/_app/immutable/chunks/xihTtKlq.js               0.06 kB │ gzip:  0.08 kB
.svelte-kit/output/client/_app/immutable/entry/start.C-LfATDJ.js          0.08 kB │ gzip:  0.09 kB
.svelte-kit/output/client/_app/immutable/nodes/5.S9TMm6Y0.js              0.19 kB │ gzip:  0.14 kB
.svelte-kit/output/client/_app/immutable/nodes/11.D4OBHWRm.js             0.19 kB │ gzip:  0.14 kB
.svelte-kit/output/client/_app/immutable/chunks/BNY2c28h.js               0.22 kB │ gzip:  0.19 kB
.svelte-kit/output/client/_app/immutable/chunks/euxaoExo.js               0.24 kB │ gzip:  0.20 kB
.svelte-kit/output/client/_app/immutable/chunks/D69YPAnO.js               0.43 kB │ gzip:  0.32 kB
.svelte-kit/output/client/_app/immutable/nodes/4.DufUIJiu.js              0.46 kB │ gzip:  0.32 kB
.svelte-kit/output/client/_app/immutable/nodes/12.KSledm4N.js             0.47 kB │ gzip:  0.32 kB
.svelte-kit/output/client/_app/immutable/nodes/14.B_fHHqbW.js             0.47 kB │ gzip:  0.32 kB
.svelte-kit/output/client/_app/immutable/nodes/15.CJdqPsX1.js             0.47 kB │ gzip:  0.32 kB
.svelte-kit/output/client/_app/immutable/nodes/9.uIqw9kMC.js              0.47 kB │ gzip:  0.32 kB
.svelte-kit/output/client/_app/immutable/nodes/10.B9FA5h2x.js             0.48 kB │ gzip:  0.32 kB
.svelte-kit/output/client/_app/immutable/nodes/13.JcW-Vtir.js             0.48 kB │ gzip:  0.32 kB
.svelte-kit/output/client/_app/immutable/nodes/6.CwmIdxJd.js              0.48 kB │ gzip:  0.32 kB
.svelte-kit/output/client/_app/immutable/nodes/7.iZ1_WxGu.js              0.49 kB │ gzip:  0.32 kB
.svelte-kit/output/client/_app/immutable/chunks/BxuT0qWo.js               0.49 kB │ gzip:  0.33 kB
.svelte-kit/output/client/_app/immutable/nodes/1.DPfZKVj0.js              0.62 kB │ gzip:  0.35 kB
.svelte-kit/output/client/_app/immutable/nodes/0.BhU8TPlr.js              0.63 kB │ gzip:  0.40 kB
.svelte-kit/output/client/_app/immutable/chunks/BboloM7C.js               0.94 kB │ gzip:  0.53 kB
.svelte-kit/output/client/_app/immutable/nodes/3.CF06RvFJ.js              1.06 kB │ gzip:  0.51 kB
.svelte-kit/output/client/_app/immutable/chunks/Bjy-W4x2.js               1.36 kB │ gzip:  0.65 kB
.svelte-kit/output/client/_app/immutable/nodes/16.C2YCfPB_.js             2.24 kB │ gzip:  1.05 kB
.svelte-kit/output/client/_app/immutable/nodes/2.RieKu0TQ.js              2.34 kB │ gzip:  1.17 kB
.svelte-kit/output/client/_app/immutable/nodes/8.B7zqr1w5.js              2.78 kB │ gzip:  1.40 kB
.svelte-kit/output/client/_app/immutable/entry/app.8FhMNoiK.js            7.01 kB │ gzip:  2.53 kB
.svelte-kit/output/client/_app/immutable/chunks/xZlkwzhN.js              28.57 kB │ gzip: 11.06 kB
.svelte-kit/output/client/_app/immutable/chunks/BHi0uiQ9.js              45.86 kB │ gzip: 17.58 kB

✓ built in 100ms
computing gzip size...
.svelte-kit/output/server/.vite/manifest.json                                 11.01 kB │ gzip:  1.27 kB
.svelte-kit/output/server/_app/immutable/assets/Card.C5mNUwNq.css              0.16 kB │ gzip:  0.14 kB
.svelte-kit/output/server/_app/immutable/assets/PageHeader.XbxzxQiJ.css        0.23 kB │ gzip:  0.16 kB
.svelte-kit/output/server/_app/immutable/assets/_page.BatBQemU.css             0.26 kB │ gzip:  0.18 kB
.svelte-kit/output/server/_app/immutable/assets/Button.B-xbaXev.css            0.62 kB │ gzip:  0.27 kB
.svelte-kit/output/server/_app/immutable/assets/_page.DiFJY417.css             0.79 kB │ gzip:  0.38 kB
.svelte-kit/output/server/_app/immutable/assets/_layout.CeIkLOOQ.css           1.18 kB │ gzip:  0.45 kB
.svelte-kit/output/server/_app/immutable/assets/_layout.CwOnBWFd.css           1.30 kB │ gzip:  0.62 kB
.svelte-kit/output/server/_app/immutable/assets/_page.VLPxk8rN.css             1.48 kB │ gzip:  0.52 kB
.svelte-kit/output/server/chunks/index-server2.js                              0.03 kB │ gzip:  0.05 kB
.svelte-kit/output/server/chunks/toast.js                                      0.17 kB │ gzip:  0.14 kB
.svelte-kit/output/server/env.js                                               0.22 kB │ gzip:  0.14 kB
.svelte-kit/output/server/entries/pages/(app)/blog/_slug_/_page.svelte.js      0.28 kB │ gzip:  0.20 kB
.svelte-kit/output/server/chunks/env.js                                        0.28 kB │ gzip:  0.17 kB
.svelte-kit/output/server/entries/pages/(app)/_layout.ts.js                    0.29 kB │ gzip:  0.22 kB
.svelte-kit/output/server/entries/pages/(app)/projects/_id_/_page.svelte.js    0.29 kB │ gzip:  0.20 kB
.svelte-kit/output/server/chunks/Card.js                                       0.30 kB │ gzip:  0.22 kB
.svelte-kit/output/server/internal.js                                          0.40 kB │ gzip:  0.19 kB
.svelte-kit/output/server/chunks/auth.js                                       0.49 kB │ gzip:  0.28 kB
.svelte-kit/output/server/entries/pages/(app)/blog/_page.svelte.js             0.59 kB │ gzip:  0.32 kB
.svelte-kit/output/server/entries/pages/(app)/resume/_page.svelte.js           0.60 kB │ gzip:  0.33 kB
.svelte-kit/output/server/entries/pages/(app)/skills/_page.svelte.js           0.60 kB │ gzip:  0.33 kB
.svelte-kit/output/server/entries/pages/(app)/themes/_page.svelte.js           0.60 kB │ gzip:  0.33 kB
.svelte-kit/output/server/entries/pages/(app)/profile/_page.svelte.js          0.60 kB │ gzip:  0.33 kB
.svelte-kit/output/server/entries/pages/(app)/projects/_page.svelte.js         0.61 kB │ gzip:  0.33 kB
.svelte-kit/output/server/entries/pages/(app)/settings/_page.svelte.js         0.61 kB │ gzip:  0.33 kB
.svelte-kit/output/server/entries/pages/(app)/education/_page.svelte.js        0.61 kB │ gzip:  0.33 kB
.svelte-kit/output/server/entries/pages/(app)/experience/_page.svelte.js       0.62 kB │ gzip:  0.33 kB
.svelte-kit/output/server/chunks/Button.js                                     0.71 kB │ gzip:  0.38 kB
.svelte-kit/output/server/chunks/PageHeader.js                                 0.72 kB │ gzip:  0.36 kB
.svelte-kit/output/server/chunks/client2.js                                    0.90 kB │ gzip:  0.53 kB
.svelte-kit/output/server/entries/pages/(app)/portfolios/_page.svelte.js       0.94 kB │ gzip:  0.48 kB
.svelte-kit/output/server/entries/pages/_layout.svelte.js                      1.05 kB │ gzip:  0.50 kB
.svelte-kit/output/server/chunks/internal.js                                   1.16 kB │ gzip:  0.47 kB
.svelte-kit/output/server/entries/pages/(app)/_page.svelte.js                  1.22 kB │ gzip:  0.46 kB
.svelte-kit/output/server/chunks/client.js                                     3.12 kB │ gzip:  1.18 kB
.svelte-kit/output/server/entries/fallbacks/error.svelte.js                    3.25 kB │ gzip:  1.26 kB
.svelte-kit/output/server/entries/pages/login/_page.svelte.js                  3.37 kB │ gzip:  1.00 kB
.svelte-kit/output/server/entries/pages/(app)/_layout.svelte.js                4.53 kB │ gzip:  1.65 kB
.svelte-kit/output/server/chunks/index-server.js                               4.68 kB │ gzip:  1.71 kB
.svelte-kit/output/server/chunks/exports.js                                    9.56 kB │ gzip:  3.05 kB
.svelte-kit/output/server/chunks/shared.js                                    11.16 kB │ gzip:  3.48 kB
.svelte-kit/output/server/chunks/internal2.js                                 22.56 kB │ gzip:  6.74 kB
.svelte-kit/output/server/chunks/utils.js                                     32.49 kB │ gzip:  9.45 kB
.svelte-kit/output/server/chunks/server.js                                    44.39 kB │ gzip: 12.19 kB
.svelte-kit/output/server/remote-entry.js                                     55.49 kB │ gzip: 12.13 kB
.svelte-kit/output/server/chunks/shared2.js                                   86.80 kB │ gzip: 22.23 kB
.svelte-kit/output/server/index.js                                           129.94 kB │ gzip: 32.09 kB

✓ built in 1.52s

Run npm run preview to preview your production build locally.

> Using @sveltejs/adapter-static
  Wrote site to "build"
  ✔ done
